<?xml version="1.0" encoding="UTF-8"?>
<testsuites name="jest tests" tests="1" failures="0" errors="0" time="0.184">
  <testsuite name="undefined" errors="0" failures="0" skipped="0" timestamp="2025-05-15T11:52:36" time="0.161" tests="1">
    <testcase classname=" Soma de dois numerors  1 + 2 = 3 " name=" Soma de dois numerors  1 + 2 = 3 " time="0.001">
    </testcase>
  </testsuite>
</testsuites>